QA base: https://sooqna.site
Output: /workspace/artifacts/qa/2026-08-03-prod
  [desktop] / ... ok
  [desktop] /categories ... ok
  [desktop] /categories/cars ... ok
  [desktop] /search ... ok
  [desktop] /featured ... ok
  [desktop] /listings/mercedes-amg-g63-2024 ... ok
  [desktop] /login ... ok
  [desktop] /register ... ok
  [desktop] /escrow ... ok
  [desktop] /wallet ... ok
  [desktop] /support ... ok
  [desktop] /disputes/new ... ok
  [desktop] /listings/new ... ok
  [desktop] /profile ... ok
  [desktop] /dashboard/listings ... ok
  [desktop] /chat ... ok
  [desktop] /checkout ... ok
  [desktop] /orders ... ok
  [desktop] /admin ... ok
  [mobile] / ... ok
  [mobile] /search ... ok
  [mobile] /listings/mercedes-amg-g63-2024 ... ok
  [mobile] /login ... ok
  [mobile] /categories ... ok
  [mobile] /admin ... ok
  [admin] login ...
fail: api=200 body={"ok":true,"user":{"id":"demo-admin-001","accountType":"company","city":"دبي","email":"admin@sooqna.demo","fullName":"Sooqna Admin","isVerified":true,"joinedAt" ended at https://sooqna.site/login?next=%2Fadmin

Findings: 1
Wrote /workspace/artifacts/qa/2026-08-03-prod/REPORT.md
